
> fuwu@0.1.0 build
> next build

Ôû▓ Next.js 16.2.4 (Turbopack)

  Creating an optimized production build ...
node.exe : 
At line:1 char:1
+ & "C:\Program Files\nodejs/node.exe" "C:\Program Files\nodejs/node_mo ...
+ ~~~~~~~~~~~~~~~~~~~~~~~~~~~~~~~~~~~~~~~~~~~~~~~~~~~~~~~~~~~~~~~~~~~~~
    + CategoryInfo          : NotSpecified: (:String) [], RemoteException
    + FullyQualifiedErrorId : NativeCommandError
 
> Build error occurred
Error: Turbopack build failed with 55 errors:
./src/app/admin/provider-applications/page.tsx:16:1
Export approveAdminProviderApplication doesn't exist in target module
  [90m14 |[0m } [36mfrom[0m [32m"@/components/admin/AdminUI"[0m;
  [90m15 |[0m [36mimport[0m { [33mAdminAccessGate[0m } [36mfrom[0m 
[32m"@/components/admin/AdminAccessGate"[0m;
[31m[1m>[0m [90m16 |[0m [36mimport[0m {
  [90m   |[0m [31m[1m^^^^^^^[0m
[31m[1m>[0m [90m17 |[0m   approveAdminProviderApplication,
  [90m   |[0m [31m[1m^^^^^^^^^^^^^^^^^^^^^^^^^^^^^^^^^^[0m
[31m[1m>[0m [90m18 |[0m   getAdminAccess,
  [90m   |[0m [31m[1m^^^^^^^^^^^^^^^^^[0m
[31m[1m>[0m [90m19 |[0m   getAdminProviderApplications,
  [90m   |[0m [31m[1m^^^^^^^^^^^^^^^^^^^^^^^^^^^^^^^[0m
[31m[1m>[0m [90m20 |[0m   rejectAdminProviderApplication,
  [90m   |[0m [31m[1m^^^^^^^^^^^^^^^^^^^^^^^^^^^^^^^^^[0m
[31m[1m>[0m [90m21 |[0m   [36mtype[0m [33mAdminProviderApplication[0m,
  [90m   |[0m [31m[1m^^^^^^^^^^^^^^^^^^^^^^^^^^^^^^^^[0m
[31m[1m>[0m [90m22 |[0m } [36mfrom[0m [32m"@/services/admin"[0m;
  [90m   |[0m [31m[1m^^^^^^^^^^^^^^^^^^^^^^^^^^[0m
  [90m23 |[0m
  [90m24 |[0m [36mexport[0m [36mconst[0m dynamic = [32m"force-dynamic"[0m;
  [90m25 |[0m

The export approveAdminProviderApplication was not found in module [project]/src/services/admin.ts [app-rsc] 
(ecmascript).
Did you mean to import adminService?
All exports of the module are statically known (It doesn't have dynamic exports). So it's known statically that the 
requested export doesn't exist.


./src/app/admin/page.tsx:17:1
Export getAdminAccess doesn't exist in target module
  [90m15 |[0m } [36mfrom[0m [32m"@/components/admin/AdminUI"[0m;
  [90m16 |[0m [36mimport[0m { [33mAdminAccessGate[0m } [36mfrom[0m 
[32m"@/components/admin/AdminAccessGate"[0m;
[31m[1m>[0m [90m17 |[0m [36mimport[0m {
  [90m   |[0m [31m[1m^^^^^^^[0m
[31m[1m>[0m [90m18 |[0m   getAdminAccess,
  [90m   |[0m [31m[1m^^^^^^^^^^^^^^^^^[0m
[31m[1m>[0m [90m19 |[0m   getAdminDashboardSummary,
  [90m   |[0m [31m[1m^^^^^^^^^^^^^^^^^^^^^^^^^^^[0m
[31m[1m>[0m [90m20 |[0m   [36mtype[0m [33mAdminDashboardSummary[0m,
  [90m   |[0m [31m[1m^^^^^^^^^^^^^^^^^^^^^^^^^^^^^[0m
[31m[1m>[0m [90m21 |[0m } [36mfrom[0m [32m"@/services/admin"[0m;
  [90m   |[0m [31m[1m^^^^^^^^^^^^^^^^^^^^^^^^^^[0m
  [90m22 |[0m
  [90m23 |[0m [36mexport[0m [36mconst[0m dynamic = [32m"force-dynamic"[0m;
  [90m24 |[0m

The export getAdminAccess was not found in module [project]/src/services/admin.ts [app-rsc] (ecmascript).
Did you mean to import adminService?
All exports of the module are statically known (It doesn't have dynamic exports). So it's known statically that the 
requested export doesn't exist.


./src/app/admin/provider-applications/page.tsx:16:1
Export getAdminAccess doesn't exist in target module
  [90m14 |[0m } [36mfrom[0m [32m"@/components/admin/AdminUI"[0m;
  [90m15 |[0m [36mimport[0m { [33mAdminAccessGate[0m } [36mfrom[0m 
[32m"@/components/admin/AdminAccessGate"[0m;
[31m[1m>[0m [90m16 |[0m [36mimport[0m {
  [90m   |[0m [31m[1m^^^^^^^[0m
[31m[1m>[0m [90m17 |[0m   approveAdminProviderApplication,
  [90m   |[0m [31m[1m^^^^^^^^^^^^^^^^^^^^^^^^^^^^^^^^^^[0m
[31m[1m>[0m [90m18 |[0m   getAdminAccess,
  [90m   |[0m [31m[1m^^^^^^^^^^^^^^^^^[0m
[31m[1m>[0m [90m19 |[0m   getAdminProviderApplications,
  [90m   |[0m [31m[1m^^^^^^^^^^^^^^^^^^^^^^^^^^^^^^^[0m
[31m[1m>[0m [90m20 |[0m   rejectAdminProviderApplication,
  [90m   |[0m [31m[1m^^^^^^^^^^^^^^^^^^^^^^^^^^^^^^^^^[0m
[31m[1m>[0m [90m21 |[0m   [36mtype[0m [33mAdminProviderApplication[0m,
  [90m   |[0m [31m[1m^^^^^^^^^^^^^^^^^^^^^^^^^^^^^^^^[0m
[31m[1m>[0m [90m22 |[0m } [36mfrom[0m [32m"@/services/admin"[0m;
  [90m   |[0m [31m[1m^^^^^^^^^^^^^^^^^^^^^^^^^^[0m
  [90m23 |[0m
  [90m24 |[0m [36mexport[0m [36mconst[0m dynamic = [32m"force-dynamic"[0m;
  [90m25 |[0m

The export getAdminAccess was not found in module [project]/src/services/admin.ts [app-rsc] (ecmascript).
Did you mean to import adminService?
All exports of the module are statically known (It doesn't have dynamic exports). So it's known statically that the 
requested export doesn't exist.


./src/app/admin/providers/page.tsx:20:1
Export getAdminAccess doesn't exist in target module
  [90m18 |[0m   getProviderAvailabilityTone,
  [90m19 |[0m } [36mfrom[0m [32m"@/lib/constants/providers"[0m;
[31m[1m>[0m [90m20 |[0m [36mimport[0m {
  [90m   |[0m [31m[1m^^^^^^^[0m
[31m[1m>[0m [90m21 |[0m   getAdminAccess,
  [90m   |[0m [31m[1m^^^^^^^^^^^^^^^^^[0m
[31m[1m>[0m [90m22 |[0m   getAdminProviders,
  [90m   |[0m [31m[1m^^^^^^^^^^^^^^^^^^^^[0m
[31m[1m>[0m [90m23 |[0m   updateAdminProviderStatus,
  [90m   |[0m [31m[1m^^^^^^^^^^^^^^^^^^^^^^^^^^^^[0m
[31m[1m>[0m [90m24 |[0m   [36mtype[0m [33mAdminProvider[0m,
  [90m   |[0m [31m[1m^^^^^^^^^^^^^^^^^^^^^[0m
[31m[1m>[0m [90m25 |[0m   [36mtype[0m [33mAdminProviderStatusAction[0m,
  [90m   |[0m [31m[1m^^^^^^^^^^^^^^^^^^^^^^^^^^^^^^^^^[0m
[31m[1m>[0m [90m26 |[0m } [36mfrom[0m [32m"@/services/admin"[0m;
  [90m   |[0m [31m[1m^^^^^^^^^^^^^^^^^^^^^^^^^^[0m
  [90m27 |[0m
  [90m28 |[0m [36mexport[0m [36mconst[0m dynamic = [32m"force-dynamic"[0m;
  [90m29 |[0m

The export getAdminAccess was not found in module [project]/src/services/admin.ts [app-rsc] (ecmascript).
Did you mean to import adminService?
All exports of the module are statically known (It doesn't have dynamic exports). So it's known statically that the 
requested export doesn't exist.


./src/app/admin/service-requests/page.tsx:16:1
Export getAdminAccess doesn't exist in target module
  [90m14 |[0m } [36mfrom[0m [32m"@/components/admin/AdminUI"[0m;
  [90m15 |[0m [36mimport[0m { [33mAdminAccessGate[0m } [36mfrom[0m 
[32m"@/components/admin/AdminAccessGate"[0m;
[31m[1m>[0m [90m16 |[0m [36mimport[0m {
  [90m   |[0m [31m[1m^^^^^^^[0m
[31m[1m>[0m [90m17 |[0m   getAdminAccess,
  [90m   |[0m [31m[1m^^^^^^^^^^^^^^^^^[0m
[31m[1m>[0m [90m18 |[0m   getAdminServiceRequests,
  [90m   |[0m [31m[1m^^^^^^^^^^^^^^^^^^^^^^^^^^[0m
[31m[1m>[0m [90m19 |[0m   updateAdminServiceRequestStatus,
  [90m   |[0m [31m[1m^^^^^^^^^^^^^^^^^^^^^^^^^^^^^^^^^^[0m
[31m[1m>[0m [90m20 |[0m   [36mtype[0m [33mAdminServiceRequest[0m,
  [90m   |[0m [31m[1m^^^^^^^^^^^^^^^^^^^^^^^^^^^[0m
[31m[1m>[0m [90m21 |[0m   [36mtype[0m [33mAdminServiceRequestStatus[0m,
  [90m   |[0m [31m[1m^^^^^^^^^^^^^^^^^^^^^^^^^^^^^^^^^[0m
[31m[1m>[0m [90m22 |[0m } [36mfrom[0m [32m"@/services/admin"[0m;
  [90m   |[0m [31m[1m^^^^^^^^^^^^^^^^^^^^^^^^^^[0m
  [90m23 |[0m [36mimport[0m {
  [90m24 |[0m   [33mSERVICE_REQUEST_STATUS_DESCRIPTIONS[0m,
  [90m25 |[0m   [33mSERVICE_REQUEST_STATUS_LABELS[0m,

The export getAdminAccess was not found in module [project]/src/services/admin.ts [app-rsc] (ecmascript).
Did you mean to import adminService?
All exports of the module are statically known (It doesn't have dynamic exports). So it's known statically that the 
requested export doesn't exist.


./src/app/admin/page.tsx:17:1
Export getAdminDashboardSummary doesn't exist in target module
  [90m15 |[0m } [36mfrom[0m [32m"@/components/admin/AdminUI"[0m;
  [90m16 |[0m [36mimport[0m { [33mAdminAccessGate[0m } [36mfrom[0m 
[32m"@/components/admin/AdminAccessGate"[0m;
[31m[1m>[0m [90m17 |[0m [36mimport[0m {
  [90m   |[0m [31m[1m^^^^^^^[0m
[31m[1m>[0m [90m18 |[0m   getAdminAccess,
  [90m   |[0m [31m[1m^^^^^^^^^^^^^^^^^[0m
[31m[1m>[0m [90m19 |[0m   getAdminDashboardSummary,
  [90m   |[0m [31m[1m^^^^^^^^^^^^^^^^^^^^^^^^^^^[0m
[31m[1m>[0m [90m20 |[0m   [36mtype[0m [33mAdminDashboardSummary[0m,
  [90m   |[0m [31m[1m^^^^^^^^^^^^^^^^^^^^^^^^^^^^^[0m
[31m[1m>[0m [90m21 |[0m } [36mfrom[0m [32m"@/services/admin"[0m;
  [90m   |[0m [31m[1m^^^^^^^^^^^^^^^^^^^^^^^^^^[0m
  [90m22 |[0m
  [90m23 |[0m [36mexport[0m [36mconst[0m dynamic = [32m"force-dynamic"[0m;
  [90m24 |[0m

The export getAdminDashboardSummary was not found in module [project]/src/services/admin.ts [app-rsc] (ecmascript).
Did you mean to import adminService?
All exports of the module are statically known (It doesn't have dynamic exports). So it's known statically that the 
requested export doesn't exist.


./src/app/admin/provider-applications/page.tsx:16:1
Export getAdminProviderApplications doesn't exist in target module
  [90m14 |[0m } [36mfrom[0m [32m"@/components/admin/AdminUI"[0m;
  [90m15 |[0m [36mimport[0m { [33mAdminAccessGate[0m } [36mfrom[0m 
[32m"@/components/admin/AdminAccessGate"[0m;
[31m[1m>[0m [90m16 |[0m [36mimport[0m {
  [90m   |[0m [31m[1m^^^^^^^[0m
[31m[1m>[0m [90m17 |[0m   approveAdminProviderApplication,
  [90m   |[0m [31m[1m^^^^^^^^^^^^^^^^^^^^^^^^^^^^^^^^^^[0m
[31m[1m>[0m [90m18 |[0m   getAdminAccess,
  [90m   |[0m [31m[1m^^^^^^^^^^^^^^^^^[0m
[31m[1m>[0m [90m19 |[0m   getAdminProviderApplications,
  [90m   |[0m [31m[1m^^^^^^^^^^^^^^^^^^^^^^^^^^^^^^^[0m
[31m[1m>[0m [90m20 |[0m   rejectAdminProviderApplication,
  [90m   |[0m [31m[1m^^^^^^^^^^^^^^^^^^^^^^^^^^^^^^^^^[0m
[31m[1m>[0m [90m21 |[0m   [36mtype[0m [33mAdminProviderApplication[0m,
  [90m   |[0m [31m[1m^^^^^^^^^^^^^^^^^^^^^^^^^^^^^^^^[0m
[31m[1m>[0m [90m22 |[0m } [36mfrom[0m [32m"@/services/admin"[0m;
  [90m   |[0m [31m[1m^^^^^^^^^^^^^^^^^^^^^^^^^^[0m
  [90m23 |[0m
  [90m24 |[0m [36mexport[0m [36mconst[0m dynamic = [32m"force-dynamic"[0m;
  [90m25 |[0m

The export getAdminProviderApplications was not found in module [project]/src/services/admin.ts [app-rsc] (ecmascript).
Did you mean to import adminService?
All exports of the module are statically known (It doesn't have dynamic exports). So it's known statically that the 
requested export doesn't exist.


./src/app/admin/providers/page.tsx:20:1
Export getAdminProviders doesn't exist in target module
  [90m18 |[0m   getProviderAvailabilityTone,
  [90m19 |[0m } [36mfrom[0m [32m"@/lib/constants/providers"[0m;
[31m[1m>[0m [90m20 |[0m [36mimport[0m {
  [90m   |[0m [31m[1m^^^^^^^[0m
[31m[1m>[0m [90m21 |[0m   getAdminAccess,
  [90m   |[0m [31m[1m^^^^^^^^^^^^^^^^^[0m
[31m[1m>[0m [90m22 |[0m   getAdminProviders,
  [90m   |[0m [31m[1m^^^^^^^^^^^^^^^^^^^^[0m
[31m[1m>[0m [90m23 |[0m   updateAdminProviderStatus,
  [90m   |[0m [31m[1m^^^^^^^^^^^^^^^^^^^^^^^^^^^^[0m
[31m[1m>[0m [90m24 |[0m   [36mtype[0m [33mAdminProvider[0m,
  [90m   |[0m [31m[1m^^^^^^^^^^^^^^^^^^^^^[0m
[31m[1m>[0m [90m25 |[0m   [36mtype[0m [33mAdminProviderStatusAction[0m,
  [90m   |[0m [31m[1m^^^^^^^^^^^^^^^^^^^^^^^^^^^^^^^^^[0m
[31m[1m>[0m [90m26 |[0m } [36mfrom[0m [32m"@/services/admin"[0m;
  [90m   |[0m [31m[1m^^^^^^^^^^^^^^^^^^^^^^^^^^[0m
  [90m27 |[0m
  [90m28 |[0m [36mexport[0m [36mconst[0m dynamic = [32m"force-dynamic"[0m;
  [90m29 |[0m

The export getAdminProviders was not found in module [project]/src/services/admin.ts [app-rsc] (ecmascript).
Did you mean to import adminService?
All exports of the module are statically known (It doesn't have dynamic exports). So it's known statically that the 
requested export doesn't exist.


./src/app/admin/service-requests/page.tsx:16:1
Export getAdminServiceRequests doesn't exist in target module
  [90m14 |[0m } [36mfrom[0m [32m"@/components/admin/AdminUI"[0m;
  [90m15 |[0m [36mimport[0m { [33mAdminAccessGate[0m } [36mfrom[0m 
[32m"@/components/admin/AdminAccessGate"[0m;
[31m[1m>[0m [90m16 |[0m [36mimport[0m {
  [90m   |[0m [31m[1m^^^^^^^[0m
[31m[1m>[0m [90m17 |[0m   getAdminAccess,
  [90m   |[0m [31m[1m^^^^^^^^^^^^^^^^^[0m
[31m[1m>[0m [90m18 |[0m   getAdminServiceRequests,
  [90m   |[0m [31m[1m^^^^^^^^^^^^^^^^^^^^^^^^^^[0m
[31m[1m>[0m [90m19 |[0m   updateAdminServiceRequestStatus,
  [90m   |[0m [31m[1m^^^^^^^^^^^^^^^^^^^^^^^^^^^^^^^^^^[0m
[31m[1m>[0m [90m20 |[0m   [36mtype[0m [33mAdminServiceRequest[0m,
  [90m   |[0m [31m[1m^^^^^^^^^^^^^^^^^^^^^^^^^^^[0m
[31m[1m>[0m [90m21 |[0m   [36mtype[0m [33mAdminServiceRequestStatus[0m,
  [90m   |[0m [31m[1m^^^^^^^^^^^^^^^^^^^^^^^^^^^^^^^^^[0m
[31m[1m>[0m [90m22 |[0m } [36mfrom[0m [32m"@/services/admin"[0m;
  [90m   |[0m [31m[1m^^^^^^^^^^^^^^^^^^^^^^^^^^[0m
  [90m23 |[0m [36mimport[0m {
  [90m24 |[0m   [33mSERVICE_REQUEST_STATUS_DESCRIPTIONS[0m,
  [90m25 |[0m   [33mSERVICE_REQUEST_STATUS_LABELS[0m,

The export getAdminServiceRequests was not found in module [project]/src/services/admin.ts [app-rsc] (ecmascript).
Did you mean to import adminService?
All exports of the module are statically known (It doesn't have dynamic exports). So it's known statically that the 
requested export doesn't exist.


./src/app/providers/[id]/page.tsx:23:1
Export getProviderById doesn't exist in target module
  [90m21 |[0m } [36mfrom[0m [32m"@/lib/constants/providers"[0m;
  [90m22 |[0m [36mimport[0m { createPageMetadata, getProviderProfessionLabel } [36mfrom[0m [32m"@/lib/seo"[0m;
[31m[1m>[0m [90m23 |[0m [36mimport[0m { getProviderById, getProvidersByCategory } [36mfrom[0m 
[32m"@/services/providers"[0m;
  [90m   |[0m [31m[1m^^^^^^^^^^^^^^^^^^^^^^^^^^^^^^^^^^^^^^^^^^^^^^^^^^^^^^^^^^^^^^^^^^^^^^^^^^^^^^^[0m
  [90m24 |[0m [36mimport[0m { getProviderReviews } [36mfrom[0m [32m"@/services/reviews"[0m;
  [90m25 |[0m
  [90m26 |[0m [36mexport[0m [36mconst[0m dynamic = [32m"force-dynamic"[0m;

The export getProviderById was not found in module [project]/src/services/providers.ts [app-rsc] (ecmascript).
Did you mean to import providerService?
All exports of the module are statically known (It doesn't have dynamic exports). So it's known statically that the 
requested export doesn't exist.


./src/app/providers/page.tsx:17:1
Export getProviderDirectory doesn't exist in target module
  [90m15 |[0m   toTurkishTitleCase,
  [90m16 |[0m } [36mfrom[0m [32m"@/lib/seo"[0m;
[31m[1m>[0m [90m17 |[0m [36mimport[0m { getProviderDirectory } [36mfrom[0m [32m"@/services/providers"[0m;
  [90m   |[0m [31m[1m^^^^^^^^^^^^^^^^^^^^^^^^^^^^^^^^^^^^^^^^^^^^^^^^^^^^^^^^^^^^[0m
  [90m18 |[0m
  [90m19 |[0m [36mexport[0m [36mconst[0m dynamic = [32m"force-dynamic"[0m;
  [90m20 |[0m

The export getProviderDirectory was not found in module [project]/src/services/providers.ts [app-rsc] (ecmascript).
Did you mean to import providerService?
All exports of the module are statically known (It doesn't have dynamic exports). So it's known statically that the 
requested export doesn't exist.


./src/app/sitemap.ts:5:1
Export getProviderDirectory doesn't exist in target module
  [90m3 |[0m [36mimport[0m { services } [36mfrom[0m [32m"@/lib/constants/services"[0m;
  [90m4 |[0m [36mimport[0m { createAbsoluteUrl } [36mfrom[0m [32m"@/lib/seo"[0m;
[31m[1m>[0m [90m5 |[0m [36mimport[0m { getProviderDirectory } [36mfrom[0m [32m"@/services/providers"[0m;
  [90m  |[0m [31m[1m^^^^^^^^^^^^^^^^^^^^^^^^^^^^^^^^^^^^^^^^^^^^^^^^^^^^^^^^^^^^[0m
  [90m6 |[0m
  [90m7 |[0m [36mexport[0m [36mconst[0m dynamic = [32m"force-dynamic"[0m;
  [90m8 |[0m

The export getProviderDirectory was not found in module [project]/src/services/providers.ts [app-route] (ecmascript).
Did you mean to import providerService?
All exports of the module are statically known (It doesn't have dynamic exports). So it's known statically that the 
requested export doesn't exist.

Import trace:
  App Route:
    ./src/app/sitemap.ts
    ./src/app/sitemap--route-entry.js


./src/components/home/MarketplaceHome.tsx:27:1
Export getProviderDirectory doesn't exist in target module
  [90m25 |[0m [36mimport[0m { [33mPROVIDER_AVAILABILITY_STATUSES[0m } [36mfrom[0m 
[32m"@/lib/constants/statuses"[0m;
  [90m26 |[0m [36mimport[0m { services, [36mtype[0m [33mService[0m } [36mfrom[0m 
[32m"@/lib/constants/services"[0m;
[31m[1m>[0m [90m27 |[0m [36mimport[0m { getProviderDirectory, [36mtype[0m [33mProviderFilterOptions[0m } 
[36mfrom[0m [32m"@/services/providers"[0m;
  [90m   |[0m [31m[1m^^^^^^^^^^^^^^^^^^^^^^^^^^^^^^^^^^^^^^^^^^^^^^^^^^^^^^^^^^^^^^^^^^^^^^^^^^^^^^^^^^^^^^^^[0m
  [90m28 |[0m [36mimport[0m [36mtype[0m { [33mProvider[0m } [36mfrom[0m [32m"@/types/provider"[0m;
  [90m29 |[0m
  [90m30 |[0m [36mtype[0m [33mSectionHeadingProps[0m = {

The export getProviderDirectory was not found in module [project]/src/services/providers.ts [app-rsc] (ecmascript).
Did you mean to import providerService?
All exports of the module are statically known (It doesn't have dynamic exports). So it's known statically that the 
requested export doesn't exist.

Import trace:
  Server Component:
    ./src/components/home/MarketplaceHome.tsx
    ./src/app/page.tsx


./src/app/providers/[id]/page.tsx:23:1
Export getProvidersByCategory doesn't exist in target module
  [90m21 |[0m } [36mfrom[0m [32m"@/lib/constants/providers"[0m;
  [90m22 |[0m [36mimport[0m { createPageMetadata, getProviderProfessionLabel } [36mfrom[0m [32m"@/lib/seo"[0m;
[31m[1m>[0m [90m23 |[0m [36mimport[0m { getProviderById, getProvidersByCategory } [36mfrom[0m 
[32m"@/services/providers"[0m;
  [90m   |[0m [31m[1m^^^^^^^^^^^^^^^^^^^^^^^^^^^^^^^^^^^^^^^^^^^^^^^^^^^^^^^^^^^^^^^^^^^^^^^^^^^^^^^[0m
  [90m24 |[0m [36mimport[0m { getProviderReviews } [36mfrom[0m [32m"@/services/reviews"[0m;
  [90m25 |[0m
  [90m26 |[0m [36mexport[0m [36mconst[0m dynamic = [32m"force-dynamic"[0m;

The export getProvidersByCategory was not found in module [project]/src/services/providers.ts [app-rsc] (ecmascript).
Did you mean to import providerService?
All exports of the module are statically known (It doesn't have dynamic exports). So it's known statically that the 
requested export doesn't exist.


./src/components/providers/ProviderReviews.tsx:6:1
Export getSession doesn't exist in target module
  [90m4 |[0m [36mimport[0m { useState } [36mfrom[0m [32m"react"[0m;
  [90m5 |[0m [36mimport[0m { [33mButton[0m } [36mfrom[0m [32m"@/components/ui/Button"[0m;
[31m[1m>[0m [90m6 |[0m [36mimport[0m { getSession } [36mfrom[0m [32m"@/services/auth"[0m;
  [90m  |[0m [31m[1m^^^^^^^^^^^^^^^^^^^^^^^^^^^^^^^^^^^^^^^^^^^^^[0m
  [90m7 |[0m [36mimport[0m [36mtype[0m {
  [90m8 |[0m   [33mProviderReview[0m,
  [90m9 |[0m   [33mProviderReviewSource[0m,

The export getSession was not found in module [project]/src/services/auth.ts [app-client] (ecmascript).
Did you mean to import authService?
All exports of the module are statically known (It doesn't have dynamic exports). So it's known statically that the 
requested export doesn't exist.

Import trace:
  Server Component:
    ./src/components/providers/ProviderReviews.tsx
    ./src/app/providers/[id]/page.tsx


./src/components/providers/ProviderReviews.tsx:6:1
Export getSession doesn't exist in target module
  [90m4 |[0m [36mimport[0m { useState } [36mfrom[0m [32m"react"[0m;
  [90m5 |[0m [36mimport[0m { [33mButton[0m } [36mfrom[0m [32m"@/components/ui/Button"[0m;
[31m[1m>[0m [90m6 |[0m [36mimport[0m { getSession } [36mfrom[0m [32m"@/services/auth"[0m;
  [90m  |[0m [31m[1m^^^^^^^^^^^^^^^^^^^^^^^^^^^^^^^^^^^^^^^^^^^^^[0m
  [90m7 |[0m [36mimport[0m [36mtype[0m {
  [90m8 |[0m   [33mProviderReview[0m,
  [90m9 |[0m   [33mProviderReviewSource[0m,

The export getSession was not found in module [project]/src/services/auth.ts [app-ssr] (ecmascript).
Did you mean to import authService?
All exports of the module are statically known (It doesn't have dynamic exports). So it's known statically that the 
requested export doesn't exist.

Import trace:
  Server Component:
    ./src/components/providers/ProviderReviews.tsx
    ./src/app/providers/[id]/page.tsx


./src/services/providers/applications.ts:14:1
Export notifyProviderApplicationSubmitted doesn't exist in target module
  [90m12 |[0m   [36mtype[0m [33mProviderImageUploadResult[0m,
  [90m13 |[0m } [36mfrom[0m [32m"@/services/storage"[0m;
[31m[1m>[0m [90m14 |[0m [36mimport[0m { notifyProviderApplicationSubmitted } [36mfrom[0m 
[32m"@/services/notifications"[0m;
  [90m   |[0m [31m[1m^^^^^^^^^^^^^^^^^^^^^^^^^^^^^^^^^^^^^^^^^^^^^^^^^^^^^^^^^^^^^^^^^^^^^^^^^^^^^^[0m
  [90m15 |[0m [36mimport[0m [36mtype[0m {
  [90m16 |[0m   [33mProviderApplicationInput[0m,
  [90m17 |[0m   [33mProviderApplicationSubmitResult[0m,

The export notifyProviderApplicationSubmitted was not found in module [project]/src/services/notifications.ts 
[app-client] (ecmascript).
Did you mean to import notificationService?
All exports of the module are statically known (It doesn't have dynamic exports). So it's known statically that the 
requested export doesn't exist.

Import traces:
  Client Component Browser:
    ./src/services/providers/applications.ts [Client Component Browser]
    ./src/components/providers/ProviderApplicationForm.tsx [Client Component Browser]
    ./src/components/providers/ProviderApplicationForm.tsx [Server Component]
    ./src/app/provider-application/page.tsx [Server Component]

  Client Component SSR:
    ./src/services/providers/applications.ts [Client Component SSR]
    ./src/components/providers/ProviderApplicationForm.tsx [Client Component SSR]
    ./src/components/providers/ProviderApplicationForm.tsx [Server Component]
    ./src/app/provider-application/page.tsx [Server Component]


./src/services/providers/applications.ts:14:1
Export notifyProviderApplicationSubmitted doesn't exist in target module
  [90m12 |[0m   [36mtype[0m [33mProviderImageUploadResult[0m,
  [90m13 |[0m } [36mfrom[0m [32m"@/services/storage"[0m;
[31m[1m>[0m [90m14 |[0m [36mimport[0m { notifyProviderApplicationSubmitted } [36mfrom[0m 
[32m"@/services/notifications"[0m;
  [90m   |[0m [31m[1m^^^^^^^^^^^^^^^^^^^^^^^^^^^^^^^^^^^^^^^^^^^^^^^^^^^^^^^^^^^^^^^^^^^^^^^^^^^^^^[0m
  [90m15 |[0m [36mimport[0m [36mtype[0m {
  [90m16 |[0m   [33mProviderApplicationInput[0m,
  [90m17 |[0m   [33mProviderApplicationSubmitResult[0m,

The export notifyProviderApplicationSubmitted was not found in module [project]/src/services/notifications.ts 
[app-ssr] (ecmascript).
Did you mean to import notificationService?
All exports of the module are statically known (It doesn't have dynamic exports). So it's known statically that the 
requested export doesn't exist.

Import traces:
  Client Component Browser:
    ./src/services/providers/applications.ts [Client Component Browser]
    ./src/components/providers/ProviderApplicationForm.tsx [Client Component Browser]
    ./src/components/providers/ProviderApplicationForm.tsx [Server Component]
    ./src/app/provider-application/page.tsx [Server Component]

  Client Component SSR:
    ./src/services/providers/applications.ts [Client Component SSR]
    ./src/components/providers/ProviderApplicationForm.tsx [Client Component SSR]
    ./src/components/providers/ProviderApplicationForm.tsx [Server Component]
    ./src/app/provider-application/page.tsx [Server Component]


./src/app/admin/provider-applications/page.tsx:16:1
Export rejectAdminProviderApplication doesn't exist in target module
  [90m14 |[0m } [36mfrom[0m [32m"@/components/admin/AdminUI"[0m;
  [90m15 |[0m [36mimport[0m { [33mAdminAccessGate[0m } [36mfrom[0m 
[32m"@/components/admin/AdminAccessGate"[0m;
[31m[1m>[0m [90m16 |[0m [36mimport[0m {
  [90m   |[0m [31m[1m^^^^^^^[0m
[31m[1m>[0m [90m17 |[0m   approveAdminProviderApplication,
  [90m   |[0m [31m[1m^^^^^^^^^^^^^^^^^^^^^^^^^^^^^^^^^^[0m
[31m[1m>[0m [90m18 |[0m   getAdminAccess,
  [90m   |[0m [31m[1m^^^^^^^^^^^^^^^^^[0m
[31m[1m>[0m [90m19 |[0m   getAdminProviderApplications,
  [90m   |[0m [31m[1m^^^^^^^^^^^^^^^^^^^^^^^^^^^^^^^[0m
[31m[1m>[0m [90m20 |[0m   rejectAdminProviderApplication,
  [90m   |[0m [31m[1m^^^^^^^^^^^^^^^^^^^^^^^^^^^^^^^^^[0m
[31m[1m>[0m [90m21 |[0m   [36mtype[0m [33mAdminProviderApplication[0m,
  [90m   |[0m [31m[1m^^^^^^^^^^^^^^^^^^^^^^^^^^^^^^^^[0m
[31m[1m>[0m [90m22 |[0m } [36mfrom[0m [32m"@/services/admin"[0m;
  [90m   |[0m [31m[1m^^^^^^^^^^^^^^^^^^^^^^^^^^[0m
  [90m23 |[0m
  [90m24 |[0m [36mexport[0m [36mconst[0m dynamic = [32m"force-dynamic"[0m;
  [90m25 |[0m

The export rejectAdminProviderApplication was not found in module [project]/src/services/admin.ts [app-rsc] 
(ecmascript).
Did you mean to import adminService?
All exports of the module are statically known (It doesn't have dynamic exports). So it's known statically that the 
requested export doesn't exist.


./src/components/request/RequestForm.tsx:13:1
Export serviceRequestSubmitErrorMessage doesn't exist in target module
  [90m11 |[0m [36mimport[0m { validateServiceRequestInput } [36mfrom[0m [32m"@/lib/validations"[0m;
  [90m12 |[0m [36mimport[0m { trackRequestCreated } [36mfrom[0m [32m"@/services/analytics"[0m;
[31m[1m>[0m [90m13 |[0m [36mimport[0m {
  [90m   |[0m [31m[1m^^^^^^^[0m
[31m[1m>[0m [90m14 |[0m   serviceRequestSubmitErrorMessage,
  [90m   |[0m [31m[1m^^^^^^^^^^^^^^^^^^^^^^^^^^^^^^^^^^^[0m
[31m[1m>[0m [90m15 |[0m   submitServiceRequest,
  [90m   |[0m [31m[1m^^^^^^^^^^^^^^^^^^^^^^^[0m
[31m[1m>[0m [90m16 |[0m   [36mtype[0m [33mServiceRequestSubmitResult[0m,
  [90m   |[0m [31m[1m^^^^^^^^^^^^^^^^^^^^^^^^^^^^^^^^^^[0m
[31m[1m>[0m [90m17 |[0m } [36mfrom[0m [32m"@/services/requests"[0m;
  [90m   |[0m [31m[1m^^^^^^^^^^^^^^^^^^^^^^^^^^^^^[0m
  [90m18 |[0m
  [90m19 |[0m [36mtype[0m [33mUrgencyLevel[0m = [32m"Esnek"[0m | [32m"Bu hafta"[0m | [32m"Acil"[0m;
  [90m20 |[0m

The export serviceRequestSubmitErrorMessage was not found in module [project]/src/services/requests.ts [app-client] 
(ecmascript).
Did you mean to import requestService?
All exports of the module are statically known (It doesn't have dynamic exports). So it's known statically that the 
requested export doesn't exist.

Import trace:
  Server Component:
    ./src/components/request/RequestForm.tsx
    ./src/app/request/page.tsx


./src/components/request/RequestForm.tsx:13:1
Export serviceRequestSubmitErrorMessage doesn't exist in target module
  [90m11 |[0m [36mimport[0m { validateServiceRequestInput } [36mfrom[0m [32m"@/lib/validations"[0m;
  [90m12 |[0m [36mimport[0m { trackRequestCreated } [36mfrom[0m [32m"@/services/analytics"[0m;
[31m[1m>[0m [90m13 |[0m [36mimport[0m {
  [90m   |[0m [31m[1m^^^^^^^[0m
[31m[1m>[0m [90m14 |[0m   serviceRequestSubmitErrorMessage,
  [90m   |[0m [31m[1m^^^^^^^^^^^^^^^^^^^^^^^^^^^^^^^^^^^[0m
[31m[1m>[0m [90m15 |[0m   submitServiceRequest,
  [90m   |[0m [31m[1m^^^^^^^^^^^^^^^^^^^^^^^[0m
[31m[1m>[0m [90m16 |[0m   [36mtype[0m [33mServiceRequestSubmitResult[0m,
  [90m   |[0m [31m[1m^^^^^^^^^^^^^^^^^^^^^^^^^^^^^^^^^^[0m
[31m[1m>[0m [90m17 |[0m } [36mfrom[0m [32m"@/services/requests"[0m;
  [90m   |[0m [31m[1m^^^^^^^^^^^^^^^^^^^^^^^^^^^^^[0m
  [90m18 |[0m
  [90m19 |[0m [36mtype[0m [33mUrgencyLevel[0m = [32m"Esnek"[0m | [32m"Bu hafta"[0m | [32m"Acil"[0m;
  [90m20 |[0m

The export serviceRequestSubmitErrorMessage was not found in module [project]/src/services/requests.ts [app-ssr] 
(ecmascript).
Did you mean to import requestService?
All exports of the module are statically known (It doesn't have dynamic exports). So it's known statically that the 
requested export doesn't exist.

Import trace:
  Server Component:
    ./src/components/request/RequestForm.tsx
    ./src/app/request/page.tsx


./src/components/auth/LoginOptions.tsx:12:1
Export signInWithEmailMagicLink doesn't exist in target module
  [90m10 |[0m [36mimport[0m { isSupabaseAuthConfigured } [36mfrom[0m [32m"@/lib/supabase/client"[0m;
  [90m11 |[0m [36mimport[0m { validateLoginEmailInput } [36mfrom[0m [32m"@/lib/validations"[0m;
[31m[1m>[0m [90m12 |[0m [36mimport[0m { signInWithEmailMagicLink, signInWithGoogle } [36mfrom[0m 
[32m"@/services/auth"[0m;
  [90m   |[0m [31m[1m^^^^^^^^^^^^^^^^^^^^^^^^^^^^^^^^^^^^^^^^^^^^^^^^^^^^^^^^^^^^^^^^^^^^^^^^^^^^^[0m
  [90m13 |[0m
  [90m14 |[0m [36mtype[0m [33mLoginOptionKey[0m = [32m"google"[0m | [32m"email"[0m;
  [90m15 |[0m

The export signInWithEmailMagicLink was not found in module [project]/src/services/auth.ts [app-client] (ecmascript).
Did you mean to import authService?
All exports of the module are statically known (It doesn't have dynamic exports). So it's known statically that the 
requested export doesn't exist.

Import trace:
  Server Component:
    ./src/components/auth/LoginOptions.tsx
    ./src/app/login/page.tsx


./src/components/auth/LoginOptions.tsx:12:1
Export signInWithEmailMagicLink doesn't exist in target module
  [90m10 |[0m [36mimport[0m { isSupabaseAuthConfigured } [36mfrom[0m [32m"@/lib/supabase/client"[0m;
  [90m11 |[0m [36mimport[0m { validateLoginEmailInput } [36mfrom[0m [32m"@/lib/validations"[0m;
[31m[1m>[0m [90m12 |[0m [36mimport[0m { signInWithEmailMagicLink, signInWithGoogle } [36mfrom[0m 
[32m"@/services/auth"[0m;
  [90m   |[0m [31m[1m^^^^^^^^^^^^^^^^^^^^^^^^^^^^^^^^^^^^^^^^^^^^^^^^^^^^^^^^^^^^^^^^^^^^^^^^^^^^^[0m
  [90m13 |[0m
  [90m14 |[0m [36mtype[0m [33mLoginOptionKey[0m = [32m"google"[0m | [32m"email"[0m;
  [90m15 |[0m

The export signInWithEmailMagicLink was not found in module [project]/src/services/auth.ts [app-ssr] (ecmascript).
Did you mean to import authService?
All exports of the module are statically known (It doesn't have dynamic exports). So it's known statically that the 
requested export doesn't exist.

Import trace:
  Server Component:
    ./src/components/auth/LoginOptions.tsx
    ./src/app/login/page.tsx


./src/components/auth/LoginOptions.tsx:12:1
Export signInWithGoogle doesn't exist in target module
  [90m10 |[0m [36mimport[0m { isSupabaseAuthConfigured } [36mfrom[0m [32m"@/lib/supabase/client"[0m;
  [90m11 |[0m [36mimport[0m { validateLoginEmailInput } [36mfrom[0m [32m"@/lib/validations"[0m;
[31m[1m>[0m [90m12 |[0m [36mimport[0m { signInWithEmailMagicLink, signInWithGoogle } [36mfrom[0m 
[32m"@/services/auth"[0m;
  [90m   |[0m [31m[1m^^^^^^^^^^^^^^^^^^^^^^^^^^^^^^^^^^^^^^^^^^^^^^^^^^^^^^^^^^^^^^^^^^^^^^^^^^^^^[0m
  [90m13 |[0m
  [90m14 |[0m [36mtype[0m [33mLoginOptionKey[0m = [32m"google"[0m | [32m"email"[0m;
  [90m15 |[0m

The export signInWithGoogle was not found in module [project]/src/services/auth.ts [app-client] (ecmascript).
Did you mean to import authService?
All exports of the module are statically known (It doesn't have dynamic exports). So it's known statically that the 
requested export doesn't exist.

Import trace:
  Server Component:
    ./src/components/auth/LoginOptions.tsx
    ./src/app/login/page.tsx


./src/components/auth/LoginOptions.tsx:12:1
Export signInWithGoogle doesn't exist in target module
  [90m10 |[0m [36mimport[0m { isSupabaseAuthConfigured } [36mfrom[0m [32m"@/lib/supabase/client"[0m;
  [90m11 |[0m [36mimport[0m { validateLoginEmailInput } [36mfrom[0m [32m"@/lib/validations"[0m;
[31m[1m>[0m [90m12 |[0m [36mimport[0m { signInWithEmailMagicLink, signInWithGoogle } [36mfrom[0m 
[32m"@/services/auth"[0m;
  [90m   |[0m [31m[1m^^^^^^^^^^^^^^^^^^^^^^^^^^^^^^^^^^^^^^^^^^^^^^^^^^^^^^^^^^^^^^^^^^^^^^^^^^^^^[0m
  [90m13 |[0m
  [90m14 |[0m [36mtype[0m [33mLoginOptionKey[0m = [32m"google"[0m | [32m"email"[0m;
  [90m15 |[0m

The export signInWithGoogle was not found in module [project]/src/services/auth.ts [app-ssr] (ecmascript).
Did you mean to import authService?
All exports of the module are statically known (It doesn't have dynamic exports). So it's known statically that the 
requested export doesn't exist.

Import trace:
  Server Component:
    ./src/components/auth/LoginOptions.tsx
    ./src/app/login/page.tsx


./src/components/request/RequestForm.tsx:13:1
Export submitServiceRequest doesn't exist in target module
  [90m11 |[0m [36mimport[0m { validateServiceRequestInput } [36mfrom[0m [32m"@/lib/validations"[0m;
  [90m12 |[0m [36mimport[0m { trackRequestCreated } [36mfrom[0m [32m"@/services/analytics"[0m;
[31m[1m>[0m [90m13 |[0m [36mimport[0m {
  [90m   |[0m [31m[1m^^^^^^^[0m
[31m[1m>[0m [90m14 |[0m   serviceRequestSubmitErrorMessage,
  [90m   |[0m [31m[1m^^^^^^^^^^^^^^^^^^^^^^^^^^^^^^^^^^^[0m
[31m[1m>[0m [90m15 |[0m   submitServiceRequest,
  [90m   |[0m [31m[1m^^^^^^^^^^^^^^^^^^^^^^^[0m
[31m[1m>[0m [90m16 |[0m   [36mtype[0m [33mServiceRequestSubmitResult[0m,
  [90m   |[0m [31m[1m^^^^^^^^^^^^^^^^^^^^^^^^^^^^^^^^^^[0m
[31m[1m>[0m [90m17 |[0m } [36mfrom[0m [32m"@/services/requests"[0m;
  [90m   |[0m [31m[1m^^^^^^^^^^^^^^^^^^^^^^^^^^^^^[0m
  [90m18 |[0m
  [90m19 |[0m [36mtype[0m [33mUrgencyLevel[0m = [32m"Esnek"[0m | [32m"Bu hafta"[0m | [32m"Acil"[0m;
  [90m20 |[0m

The export submitServiceRequest was not found in module [project]/src/services/requests.ts [app-client] (ecmascript).
Did you mean to import requestService?
All exports of the module are statically known (It doesn't have dynamic exports). So it's known statically that the 
requested export doesn't exist.

Import trace:
  Server Component:
    ./src/components/request/RequestForm.tsx
    ./src/app/request/page.tsx


./src/components/request/RequestForm.tsx:13:1
Export submitServiceRequest doesn't exist in target module
  [90m11 |[0m [36mimport[0m { validateServiceRequestInput } [36mfrom[0m [32m"@/lib/validations"[0m;
  [90m12 |[0m [36mimport[0m { trackRequestCreated } [36mfrom[0m [32m"@/services/analytics"[0m;
[31m[1m>[0m [90m13 |[0m [36mimport[0m {
  [90m   |[0m [31m[1m^^^^^^^[0m
[31m[1m>[0m [90m14 |[0m   serviceRequestSubmitErrorMessage,
  [90m   |[0m [31m[1m^^^^^^^^^^^^^^^^^^^^^^^^^^^^^^^^^^^[0m
[31m[1m>[0m [90m15 |[0m   submitServiceRequest,
  [90m   |[0m [31m[1m^^^^^^^^^^^^^^^^^^^^^^^[0m
[31m[1m>[0m [90m16 |[0m   [36mtype[0m [33mServiceRequestSubmitResult[0m,
  [90m   |[0m [31m[1m^^^^^^^^^^^^^^^^^^^^^^^^^^^^^^^^^^[0m
[31m[1m>[0m [90m17 |[0m } [36mfrom[0m [32m"@/services/requests"[0m;
  [90m   |[0m [31m[1m^^^^^^^^^^^^^^^^^^^^^^^^^^^^^[0m
  [90m18 |[0m
  [90m19 |[0m [36mtype[0m [33mUrgencyLevel[0m = [32m"Esnek"[0m | [32m"Bu hafta"[0m | [32m"Acil"[0m;
  [90m20 |[0m

The export submitServiceRequest was not found in module [project]/src/services/requests.ts [app-ssr] (ecmascript).
Did you mean to import requestService?
All exports of the module are statically known (It doesn't have dynamic exports). So it's known statically that the 
requested export doesn't exist.

Import trace:
  Server Component:
    ./src/components/request/RequestForm.tsx
    ./src/app/request/page.tsx


./src/services/admin.ts:1:1
Export supabase doesn't exist in target module
[31m[1m>[0m [90m1 |[0m [36mimport[0m { supabase } [36mfrom[0m [32m"@/lib/supabase/client"[0m;
  [90m  |[0m [31m[1m^^^^^^^^^^^^^^^^^^^^^^^^^^^^^^^^^^^^^^^^^^^^^^^^^[0m
  [90m2 |[0m [36mimport[0m { [33mProviderStatus[0m } [36mfrom[0m [32m"./providers"[0m;
  [90m3 |[0m [36mimport[0m { [33mRequestStatus[0m } [36mfrom[0m [32m"./requests"[0m;
  [90m4 |[0m

The export supabase was not found in module [project]/src/lib/supabase/client.ts [app-rsc] (ecmascript).
Did you mean to import isSupabaseConfigured?
All exports of the module are statically known (It doesn't have dynamic exports). So it's known statically that the 
requested export doesn't exist.

Import trace:
  Server Component:
    ./src/services/admin.ts
    ./src/app/admin/page.tsx


./src/services/auth.ts:1:1
Export supabase doesn't exist in target module
[31m[1m>[0m [90m1 |[0m [36mimport[0m { supabase } [36mfrom[0m [32m"@/lib/supabase/client"[0m;
  [90m  |[0m [31m[1m^^^^^^^^^^^^^^^^^^^^^^^^^^^^^^^^^^^^^^^^^^^^^^^^^[0m
  [90m2 |[0m [36mimport[0m { [33mProfile[0m, [33mUserRole[0m, [33mAuthSession[0m } [36mfrom[0m 
[32m"@/types/auth"[0m;
  [90m3 |[0m
  [90m4 |[0m [36mexport[0m [36mconst[0m authService = {

The export supabase was not found in module [project]/src/lib/supabase/client.ts [app-client] (ecmascript).
Did you mean to import isSupabaseConfigured?
All exports of the module are statically known (It doesn't have dynamic exports). So it's known statically that the 
requested export doesn't exist.

Import traces:
  Client Component Browser:
    ./src/services/auth.ts [Client Component Browser]
    ./src/components/providers/ProviderReviews.tsx [Client Component Browser]
    ./src/components/providers/ProviderReviews.tsx [Server Component]
    ./src/app/providers/[id]/page.tsx [Server Component]

  Client Component SSR:
    ./src/services/auth.ts [Client Component SSR]
    ./src/components/providers/ProviderReviews.tsx [Client Component SSR]
    ./src/components/providers/ProviderReviews.tsx [Server Component]
    ./src/app/providers/[id]/page.tsx [Server Component]


./src/services/auth.ts:1:1
Export supabase doesn't exist in target module
[31m[1m>[0m [90m1 |[0m [36mimport[0m { supabase } [36mfrom[0m [32m"@/lib/supabase/client"[0m;
  [90m  |[0m [31m[1m^^^^^^^^^^^^^^^^^^^^^^^^^^^^^^^^^^^^^^^^^^^^^^^^^[0m
  [90m2 |[0m [36mimport[0m { [33mProfile[0m, [33mUserRole[0m, [33mAuthSession[0m } [36mfrom[0m 
[32m"@/types/auth"[0m;
  [90m3 |[0m
  [90m4 |[0m [36mexport[0m [36mconst[0m authService = {

The export supabase was not found in module [project]/src/lib/supabase/client.ts [app-ssr] (ecmascript).
Did you mean to import isSupabaseConfigured?
All exports of the module are statically known (It doesn't have dynamic exports). So it's known statically that the 
requested export doesn't exist.

Import traces:
  Client Component Browser:
    ./src/services/auth.ts [Client Component Browser]
    ./src/components/providers/ProviderReviews.tsx [Client Component Browser]
    ./src/components/providers/ProviderReviews.tsx [Server Component]
    ./src/app/providers/[id]/page.tsx [Server Component]

  Client Component SSR:
    ./src/services/auth.ts [Client Component SSR]
    ./src/components/providers/ProviderReviews.tsx [Client Component SSR]
    ./src/components/providers/ProviderReviews.tsx [Server Component]
    ./src/app/providers/[id]/page.tsx [Server Component]


./src/services/providers.ts:1:1
Export supabase doesn't exist in target module
[31m[1m>[0m [90m1 |[0m [36mimport[0m { supabase } [36mfrom[0m [32m"@/lib/supabase/client"[0m;
  [90m  |[0m [31m[1m^^^^^^^^^^^^^^^^^^^^^^^^^^^^^^^^^^^^^^^^^^^^^^^^^[0m
  [90m2 |[0m
  [90m3 |[0m [36mexport[0m [36mtype[0m [33mProviderAvailability[0m = [32m"m├╝sait"[0m | [32m"yo─ƒun"[0m | 
[32m"├ºevrimd─▒┼ƒ─▒"[0m;
  [90m4 |[0m [36mexport[0m [36mtype[0m [33mProviderStatus[0m = [32m"pending"[0m | [32m"approved"[0m | 
[32m"rejected"[0m;

The export supabase was not found in module [project]/src/lib/supabase/client.ts [app-route] (ecmascript).
Did you mean to import isSupabaseConfigured?
All exports of the module are statically known (It doesn't have dynamic exports). So it's known statically that the 
requested export doesn't exist.

Import traces:
  Server Component:
    ./src/services/providers.ts
    ./src/app/providers/[id]/page.tsx

  App Route:
    ./src/services/providers.ts
    ./src/app/sitemap.ts
    ./src/app/sitemap--route-entry.js


./src/services/providers.ts:1:1
Export supabase doesn't exist in target module
[31m[1m>[0m [90m1 |[0m [36mimport[0m { supabase } [36mfrom[0m [32m"@/lib/supabase/client"[0m;
  [90m  |[0m [31m[1m^^^^^^^^^^^^^^^^^^^^^^^^^^^^^^^^^^^^^^^^^^^^^^^^^[0m
  [90m2 |[0m
  [90m3 |[0m [36mexport[0m [36mtype[0m [33mProviderAvailability[0m = [32m"m├╝sait"[0m | [32m"yo─ƒun"[0m | 
[32m"├ºevrimd─▒┼ƒ─▒"[0m;
  [90m4 |[0m [36mexport[0m [36mtype[0m [33mProviderStatus[0m = [32m"pending"[0m | [32m"approved"[0m | 
[32m"rejected"[0m;

The export supabase was not found in module [project]/src/lib/supabase/client.ts [app-rsc] (ecmascript).
Did you mean to import isSupabaseConfigured?
All exports of the module are statically known (It doesn't have dynamic exports). So it's known statically that the 
requested export doesn't exist.

Import traces:
  Server Component:
    ./src/services/providers.ts
    ./src/app/providers/[id]/page.tsx

  App Route:
    ./src/services/providers.ts
    ./src/app/sitemap.ts
    ./src/app/sitemap--route-entry.js


./src/services/requests.ts:1:1
Export supabase doesn't exist in target module
[31m[1m>[0m [90m1 |[0m [36mimport[0m { supabase } [36mfrom[0m [32m"@/lib/supabase/client"[0m;
  [90m  |[0m [31m[1m^^^^^^^^^^^^^^^^^^^^^^^^^^^^^^^^^^^^^^^^^^^^^^^^^[0m
  [90m2 |[0m
  [90m3 |[0m [36mexport[0m [36mtype[0m [33mRequestStatus[0m = [32m"yeni"[0m | [32m"inceleniyor"[0m | 
[32m"ustaya_yonlendirildi"[0m | [32m"tamamlandi"[0m ..[32m.[0m
  [90m4 |[0m

The export supabase was not found in module [project]/src/lib/supabase/client.ts [app-client] (ecmascript).
Did you mean to import isSupabaseConfigured?
All exports of the module are statically known (It doesn't have dynamic exports). So it's known statically that the 
requested export doesn't exist.

Import traces:
  Client Component Browser:
    ./src/services/requests.ts [Client Component Browser]
    ./src/components/request/RequestForm.tsx [Client Component Browser]
    ./src/components/request/RequestForm.tsx [Server Component]
    ./src/app/request/page.tsx [Server Component]

  Client Component SSR:
    ./src/services/requests.ts [Client Component SSR]
    ./src/components/request/RequestForm.tsx [Client Component SSR]
    ./src/components/request/RequestForm.tsx [Server Component]
    ./src/app/request/page.tsx [Server Component]


./src/services/requests.ts:1:1
Export supabase doesn't exist in target module
[31m[1m>[0m [90m1 |[0m [36mimport[0m { supabase } [36mfrom[0m [32m"@/lib/supabase/client"[0m;
  [90m  |[0m [31m[1m^^^^^^^^^^^^^^^^^^^^^^^^^^^^^^^^^^^^^^^^^^^^^^^^^[0m
  [90m2 |[0m
  [90m3 |[0m [36mexport[0m [36mtype[0m [33mRequestStatus[0m = [32m"yeni"[0m | [32m"inceleniyor"[0m | 
[32m"ustaya_yonlendirildi"[0m | [32m"tamamlandi"[0m ..[32m.[0m
  [90m4 |[0m

The export supabase was not found in module [project]/src/lib/supabase/client.ts [app-ssr] (ecmascript).
Did you mean to import isSupabaseConfigured?
All exports of the module are statically known (It doesn't have dynamic exports). So it's known statically that the 
requested export doesn't exist.

Import traces:
  Client Component Browser:
    ./src/services/requests.ts [Client Component Browser]
    ./src/components/request/RequestForm.tsx [Client Component Browser]
    ./src/components/request/RequestForm.tsx [Server Component]
    ./src/app/request/page.tsx [Server Component]

  Client Component SSR:
    ./src/services/requests.ts [Client Component SSR]
    ./src/components/request/RequestForm.tsx [Client Component SSR]
    ./src/components/request/RequestForm.tsx [Server Component]
    ./src/app/request/page.tsx [Server Component]


./src/components/providers/ProviderFilters.tsx:19:1
Export trackFilterUsed doesn't exist in target module
  [90m17 |[0m [36mimport[0m { useI18n } [36mfrom[0m [32m"@/lib/i18n"[0m;
  [90m18 |[0m [36mimport[0m { cn } [36mfrom[0m [32m"@/lib/utils"[0m;
[31m[1m>[0m [90m19 |[0m [36mimport[0m { trackFilterUsed } [36mfrom[0m [32m"@/services/analytics"[0m;
  [90m   |[0m [31m[1m^^^^^^^^^^^^^^^^^^^^^^^^^^^^^^^^^^^^^^^^^^^^^^^^^^^^^^^[0m
  [90m20 |[0m
  [90m21 |[0m [36mexport[0m [36mtype[0m [33mProviderFilterValues[0m = {
  [90m22 |[0m   category?: string;

The export trackFilterUsed was not found in module [project]/src/services/analytics.ts [app-client] (ecmascript).
Did you mean to import analyticsService?
All exports of the module are statically known (It doesn't have dynamic exports). So it's known statically that the 
requested export doesn't exist.

Import trace:
  Server Component:
    ./src/components/providers/ProviderFilters.tsx
    ./src/app/providers/page.tsx


./src/components/providers/ProviderFilters.tsx:19:1
Export trackFilterUsed doesn't exist in target module
  [90m17 |[0m [36mimport[0m { useI18n } [36mfrom[0m [32m"@/lib/i18n"[0m;
  [90m18 |[0m [36mimport[0m { cn } [36mfrom[0m [32m"@/lib/utils"[0m;
[31m[1m>[0m [90m19 |[0m [36mimport[0m { trackFilterUsed } [36mfrom[0m [32m"@/services/analytics"[0m;
  [90m   |[0m [31m[1m^^^^^^^^^^^^^^^^^^^^^^^^^^^^^^^^^^^^^^^^^^^^^^^^^^^^^^^[0m
  [90m20 |[0m
  [90m21 |[0m [36mexport[0m [36mtype[0m [33mProviderFilterValues[0m = {
  [90m22 |[0m   category?: string;

The export trackFilterUsed was not found in module [project]/src/services/analytics.ts [app-ssr] (ecmascript).
Did you mean to import analyticsService?
All exports of the module are statically known (It doesn't have dynamic exports). So it's known statically that the 
requested export doesn't exist.

Import trace:
  Server Component:
    ./src/components/providers/ProviderFilters.tsx
    ./src/app/providers/page.tsx


./src/components/analytics/PageViewTracker.tsx:5:1
Export trackPageView doesn't exist in target module
  [90m3 |[0m [36mimport[0m { usePathname } [36mfrom[0m [32m"next/navigation"[0m;
  [90m4 |[0m [36mimport[0m { useEffect } [36mfrom[0m [32m"react"[0m;
[31m[1m>[0m [90m5 |[0m [36mimport[0m { trackPageView } [36mfrom[0m [32m"@/services/analytics"[0m;
  [90m  |[0m [31m[1m^^^^^^^^^^^^^^^^^^^^^^^^^^^^^^^^^^^^^^^^^^^^^^^^^^^^^[0m
  [90m6 |[0m
  [90m7 |[0m [36mexport[0m [36mfunction[0m [33mPageViewTracker[0m() {
  [90m8 |[0m   [36mconst[0m pathname = usePathname();

The export trackPageView was not found in module [project]/src/services/analytics.ts [app-client] (ecmascript).
Did you mean to import analyticsService?
All exports of the module are statically known (It doesn't have dynamic exports). So it's known statically that the 
requested export doesn't exist.

Import trace:
  Server Component:
    ./src/components/analytics/PageViewTracker.tsx
    ./src/app/layout.tsx


./src/components/analytics/PageViewTracker.tsx:5:1
Export trackPageView doesn't exist in target module
  [90m3 |[0m [36mimport[0m { usePathname } [36mfrom[0m [32m"next/navigation"[0m;
  [90m4 |[0m [36mimport[0m { useEffect } [36mfrom[0m [32m"react"[0m;
[31m[1m>[0m [90m5 |[0m [36mimport[0m { trackPageView } [36mfrom[0m [32m"@/services/analytics"[0m;
  [90m  |[0m [31m[1m^^^^^^^^^^^^^^^^^^^^^^^^^^^^^^^^^^^^^^^^^^^^^^^^^^^^^[0m
  [90m6 |[0m
  [90m7 |[0m [36mexport[0m [36mfunction[0m [33mPageViewTracker[0m() {
  [90m8 |[0m   [36mconst[0m pathname = usePathname();

The export trackPageView was not found in module [project]/src/services/analytics.ts [app-ssr] (ecmascript).
Did you mean to import analyticsService?
All exports of the module are statically known (It doesn't have dynamic exports). So it's known statically that the 
requested export doesn't exist.

Import trace:
  Server Component:
    ./src/components/analytics/PageViewTracker.tsx
    ./src/app/layout.tsx


./src/components/providers/ProviderAnalytics.tsx:9:1
Export trackPhoneClick doesn't exist in target module
  [90m 7 |[0m   getProviderWhatsAppHref,
  [90m 8 |[0m } [36mfrom[0m [32m"@/lib/constants/providers"[0m;
[31m[1m>[0m [90m 9 |[0m [36mimport[0m {
  [90m   |[0m [31m[1m^^^^^^^[0m
[31m[1m>[0m [90m10 |[0m   trackPhoneClick,
  [90m   |[0m [31m[1m^^^^^^^^^^^^^^^^^^[0m
[31m[1m>[0m [90m11 |[0m   trackProviderDetailOpen,
  [90m   |[0m [31m[1m^^^^^^^^^^^^^^^^^^^^^^^^^^[0m
[31m[1m>[0m [90m12 |[0m   trackWhatsappClick,
  [90m   |[0m [31m[1m^^^^^^^^^^^^^^^^^^^^^[0m
[31m[1m>[0m [90m13 |[0m } [36mfrom[0m [32m"@/services/analytics"[0m;
  [90m   |[0m [31m[1m^^^^^^^^^^^^^^^^^^^^^^^^^^^^^^[0m
  [90m14 |[0m [36mimport[0m [36mtype[0m { [33mProvider[0m } [36mfrom[0m [32m"@/types/provider"[0m;
  [90m15 |[0m
  [90m16 |[0m [36mfunction[0m getProviderAnalyticsPayload(provider: [33mProvider[0m) {

The export trackPhoneClick was not found in module [project]/src/services/analytics.ts [app-client] (ecmascript).
Did you mean to import analyticsService?
All exports of the module are statically known (It doesn't have dynamic exports). So it's known statically that the 
requested export doesn't exist.

Import trace:
  Server Component:
    ./src/components/providers/ProviderAnalytics.tsx
    ./src/app/providers/[id]/page.tsx


./src/components/providers/ProviderAnalytics.tsx:9:1
Export trackPhoneClick doesn't exist in target module
  [90m 7 |[0m   getProviderWhatsAppHref,
  [90m 8 |[0m } [36mfrom[0m [32m"@/lib/constants/providers"[0m;
[31m[1m>[0m [90m 9 |[0m [36mimport[0m {
  [90m   |[0m [31m[1m^^^^^^^[0m
[31m[1m>[0m [90m10 |[0m   trackPhoneClick,
  [90m   |[0m [31m[1m^^^^^^^^^^^^^^^^^^[0m
[31m[1m>[0m [90m11 |[0m   trackProviderDetailOpen,
  [90m   |[0m [31m[1m^^^^^^^^^^^^^^^^^^^^^^^^^^[0m
[31m[1m>[0m [90m12 |[0m   trackWhatsappClick,
  [90m   |[0m [31m[1m^^^^^^^^^^^^^^^^^^^^^[0m
[31m[1m>[0m [90m13 |[0m } [36mfrom[0m [32m"@/services/analytics"[0m;
  [90m   |[0m [31m[1m^^^^^^^^^^^^^^^^^^^^^^^^^^^^^^[0m
  [90m14 |[0m [36mimport[0m [36mtype[0m { [33mProvider[0m } [36mfrom[0m [32m"@/types/provider"[0m;
  [90m15 |[0m
  [90m16 |[0m [36mfunction[0m getProviderAnalyticsPayload(provider: [33mProvider[0m) {

The export trackPhoneClick was not found in module [project]/src/services/analytics.ts [app-ssr] (ecmascript).
Did you mean to import analyticsService?
All exports of the module are statically known (It doesn't have dynamic exports). So it's known statically that the 
requested export doesn't exist.

Import trace:
  Server Component:
    ./src/components/providers/ProviderAnalytics.tsx
    ./src/app/providers/[id]/page.tsx


./src/components/providers/ProviderCard.tsx:25:1
Export trackPhoneClick doesn't exist in target module
  [90m23 |[0m [36mimport[0m { useI18n } [36mfrom[0m [32m"@/lib/i18n"[0m;
  [90m24 |[0m [36mimport[0m { cn } [36mfrom[0m [32m"@/lib/utils"[0m;
[31m[1m>[0m [90m25 |[0m [36mimport[0m {
  [90m   |[0m [31m[1m^^^^^^^[0m
[31m[1m>[0m [90m26 |[0m   trackPhoneClick,
  [90m   |[0m [31m[1m^^^^^^^^^^^^^^^^^^[0m
[31m[1m>[0m [90m27 |[0m   trackWhatsappClick,
  [90m   |[0m [31m[1m^^^^^^^^^^^^^^^^^^^^^[0m
[31m[1m>[0m [90m28 |[0m } [36mfrom[0m [32m"@/services/analytics"[0m;
  [90m   |[0m [31m[1m^^^^^^^^^^^^^^^^^^^^^^^^^^^^^^[0m
  [90m29 |[0m [36mimport[0m [36mtype[0m { [33mProvider[0m } [36mfrom[0m [32m"@/types/provider"[0m;
  [90m30 |[0m
  [90m31 |[0m [36mtype[0m [33mProviderCardProps[0m = {

The export trackPhoneClick was not found in module [project]/src/services/analytics.ts [app-client] (ecmascript).
Did you mean to import analyticsService?
All exports of the module are statically known (It doesn't have dynamic exports). So it's known statically that the 
requested export doesn't exist.

Import trace:
  Server Component:
    ./src/components/providers/ProviderCard.tsx
    ./src/app/providers/[id]/page.tsx


./src/components/providers/ProviderCard.tsx:25:1
Export trackPhoneClick doesn't exist in target module
  [90m23 |[0m [36mimport[0m { useI18n } [36mfrom[0m [32m"@/lib/i18n"[0m;
  [90m24 |[0m [36mimport[0m { cn } [36mfrom[0m [32m"@/lib/utils"[0m;
[31m[1m>[0m [90m25 |[0m [36mimport[0m {
  [90m   |[0m [31m[1m^^^^^^^[0m
[31m[1m>[0m [90m26 |[0m   trackPhoneClick,
  [90m   |[0m [31m[1m^^^^^^^^^^^^^^^^^^[0m
[31m[1m>[0m [90m27 |[0m   trackWhatsappClick,
  [90m   |[0m [31m[1m^^^^^^^^^^^^^^^^^^^^^[0m
[31m[1m>[0m [90m28 |[0m } [36mfrom[0m [32m"@/services/analytics"[0m;
  [90m   |[0m [31m[1m^^^^^^^^^^^^^^^^^^^^^^^^^^^^^^[0m
  [90m29 |[0m [36mimport[0m [36mtype[0m { [33mProvider[0m } [36mfrom[0m [32m"@/types/provider"[0m;
  [90m30 |[0m
  [90m31 |[0m [36mtype[0m [33mProviderCardProps[0m = {

The export trackPhoneClick was not found in module [project]/src/services/analytics.ts [app-ssr] (ecmascript).
Did you mean to import analyticsService?
All exports of the module are statically known (It doesn't have dynamic exports). So it's known statically that the 
requested export doesn't exist.

Import trace:
  Server Component:
    ./src/components/providers/ProviderCard.tsx
    ./src/app/providers/[id]/page.tsx


./src/components/providers/ProviderApplicationForm.tsx:13:1
Export trackProviderApplicationSubmitted doesn't exist in target module
  [90m11 |[0m [36mimport[0m { cn } [36mfrom[0m [32m"@/lib/utils"[0m;
  [90m12 |[0m [36mimport[0m { validateProviderApplicationInput } [36mfrom[0m [32m"@/lib/validations"[0m;
[31m[1m>[0m [90m13 |[0m [36mimport[0m { trackProviderApplicationSubmitted } [36mfrom[0m 
[32m"@/services/analytics"[0m;
  [90m   |[0m [31m[1m^^^^^^^^^^^^^^^^^^^^^^^^^^^^^^^^^^^^^^^^^^^^^^^^^^^^^^^^^^^^^^^^^^^^^^^^^[0m
  [90m14 |[0m [36mimport[0m {
  [90m15 |[0m   isProviderApplicationDemoMode,
  [90m16 |[0m   submitProviderApplication,

The export trackProviderApplicationSubmitted was not found in module [project]/src/services/analytics.ts [app-client] 
(ecmascript).
Did you mean to import analyticsService?
All exports of the module are statically known (It doesn't have dynamic exports). So it's known statically that the 
requested export doesn't exist.

Import trace:
  Server Component:
    ./src/components/providers/ProviderApplicationForm.tsx
    ./src/app/provider-application/page.tsx


./src/components/providers/ProviderApplicationForm.tsx:13:1
Export trackProviderApplicationSubmitted doesn't exist in target module
  [90m11 |[0m [36mimport[0m { cn } [36mfrom[0m [32m"@/lib/utils"[0m;
  [90m12 |[0m [36mimport[0m { validateProviderApplicationInput } [36mfrom[0m [32m"@/lib/validations"[0m;
[31m[1m>[0m [90m13 |[0m [36mimport[0m { trackProviderApplicationSubmitted } [36mfrom[0m 
[32m"@/services/analytics"[0m;
  [90m   |[0m [31m[1m^^^^^^^^^^^^^^^^^^^^^^^^^^^^^^^^^^^^^^^^^^^^^^^^^^^^^^^^^^^^^^^^^^^^^^^^^[0m
  [90m14 |[0m [36mimport[0m {
  [90m15 |[0m   isProviderApplicationDemoMode,
  [90m16 |[0m   submitProviderApplication,

The export trackProviderApplicationSubmitted was not found in module [project]/src/services/analytics.ts [app-ssr] 
(ecmascript).
Did you mean to import analyticsService?
All exports of the module are statically known (It doesn't have dynamic exports). So it's known statically that the 
requested export doesn't exist.

Import trace:
  Server Component:
    ./src/components/providers/ProviderApplicationForm.tsx
    ./src/app/provider-application/page.tsx


./src/components/providers/ProviderAnalytics.tsx:9:1
Export trackProviderDetailOpen doesn't exist in target module
  [90m 7 |[0m   getProviderWhatsAppHref,
  [90m 8 |[0m } [36mfrom[0m [32m"@/lib/constants/providers"[0m;
[31m[1m>[0m [90m 9 |[0m [36mimport[0m {
  [90m   |[0m [31m[1m^^^^^^^[0m
[31m[1m>[0m [90m10 |[0m   trackPhoneClick,
  [90m   |[0m [31m[1m^^^^^^^^^^^^^^^^^^[0m
[31m[1m>[0m [90m11 |[0m   trackProviderDetailOpen,
  [90m   |[0m [31m[1m^^^^^^^^^^^^^^^^^^^^^^^^^^[0m
[31m[1m>[0m [90m12 |[0m   trackWhatsappClick,
  [90m   |[0m [31m[1m^^^^^^^^^^^^^^^^^^^^^[0m
[31m[1m>[0m [90m13 |[0m } [36mfrom[0m [32m"@/services/analytics"[0m;
  [90m   |[0m [31m[1m^^^^^^^^^^^^^^^^^^^^^^^^^^^^^^[0m
  [90m14 |[0m [36mimport[0m [36mtype[0m { [33mProvider[0m } [36mfrom[0m [32m"@/types/provider"[0m;
  [90m15 |[0m
  [90m16 |[0m [36mfunction[0m getProviderAnalyticsPayload(provider: [33mProvider[0m) {

The export trackProviderDetailOpen was not found in module [project]/src/services/analytics.ts [app-client] 
(ecmascript).
Did you mean to import analyticsService?
All exports of the module are statically known (It doesn't have dynamic exports). So it's known statically that the 
requested export doesn't exist.

Import trace:
  Server Component:
    ./src/components/providers/ProviderAnalytics.tsx
    ./src/app/providers/[id]/page.tsx


./src/components/providers/ProviderAnalytics.tsx:9:1
Export trackProviderDetailOpen doesn't exist in target module
  [90m 7 |[0m   getProviderWhatsAppHref,
  [90m 8 |[0m } [36mfrom[0m [32m"@/lib/constants/providers"[0m;
[31m[1m>[0m [90m 9 |[0m [36mimport[0m {
  [90m   |[0m [31m[1m^^^^^^^[0m
[31m[1m>[0m [90m10 |[0m   trackPhoneClick,
  [90m   |[0m [31m[1m^^^^^^^^^^^^^^^^^^[0m
[31m[1m>[0m [90m11 |[0m   trackProviderDetailOpen,
  [90m   |[0m [31m[1m^^^^^^^^^^^^^^^^^^^^^^^^^^[0m
[31m[1m>[0m [90m12 |[0m   trackWhatsappClick,
  [90m   |[0m [31m[1m^^^^^^^^^^^^^^^^^^^^^[0m
[31m[1m>[0m [90m13 |[0m } [36mfrom[0m [32m"@/services/analytics"[0m;
  [90m   |[0m [31m[1m^^^^^^^^^^^^^^^^^^^^^^^^^^^^^^[0m
  [90m14 |[0m [36mimport[0m [36mtype[0m { [33mProvider[0m } [36mfrom[0m [32m"@/types/provider"[0m;
  [90m15 |[0m
  [90m16 |[0m [36mfunction[0m getProviderAnalyticsPayload(provider: [33mProvider[0m) {

The export trackProviderDetailOpen was not found in module [project]/src/services/analytics.ts [app-ssr] (ecmascript).
Did you mean to import analyticsService?
All exports of the module are statically known (It doesn't have dynamic exports). So it's known statically that the 
requested export doesn't exist.

Import trace:
  Server Component:
    ./src/components/providers/ProviderAnalytics.tsx
    ./src/app/providers/[id]/page.tsx


./src/components/request/RequestForm.tsx:12:1
Export trackRequestCreated doesn't exist in target module
  [90m10 |[0m [36mimport[0m { cn } [36mfrom[0m [32m"@/lib/utils"[0m;
  [90m11 |[0m [36mimport[0m { validateServiceRequestInput } [36mfrom[0m [32m"@/lib/validations"[0m;
[31m[1m>[0m [90m12 |[0m [36mimport[0m { trackRequestCreated } [36mfrom[0m [32m"@/services/analytics"[0m;
  [90m   |[0m [31m[1m^^^^^^^^^^^^^^^^^^^^^^^^^^^^^^^^^^^^^^^^^^^^^^^^^^^^^^^^^^^[0m
  [90m13 |[0m [36mimport[0m {
  [90m14 |[0m   serviceRequestSubmitErrorMessage,
  [90m15 |[0m   submitServiceRequest,

The export trackRequestCreated was not found in module [project]/src/services/analytics.ts [app-client] (ecmascript).
Did you mean to import analyticsService?
All exports of the module are statically known (It doesn't have dynamic exports). So it's known statically that the 
requested export doesn't exist.

Import trace:
  Server Component:
    ./src/components/request/RequestForm.tsx
    ./src/app/request/page.tsx


./src/components/request/RequestForm.tsx:12:1
Export trackRequestCreated doesn't exist in target module
  [90m10 |[0m [36mimport[0m { cn } [36mfrom[0m [32m"@/lib/utils"[0m;
  [90m11 |[0m [36mimport[0m { validateServiceRequestInput } [36mfrom[0m [32m"@/lib/validations"[0m;
[31m[1m>[0m [90m12 |[0m [36mimport[0m { trackRequestCreated } [36mfrom[0m [32m"@/services/analytics"[0m;
  [90m   |[0m [31m[1m^^^^^^^^^^^^^^^^^^^^^^^^^^^^^^^^^^^^^^^^^^^^^^^^^^^^^^^^^^^[0m
  [90m13 |[0m [36mimport[0m {
  [90m14 |[0m   serviceRequestSubmitErrorMessage,
  [90m15 |[0m   submitServiceRequest,

The export trackRequestCreated was not found in module [project]/src/services/analytics.ts [app-ssr] (ecmascript).
Did you mean to import analyticsService?
All exports of the module are statically known (It doesn't have dynamic exports). So it's known statically that the 
requested export doesn't exist.

Import trace:
  Server Component:
    ./src/components/request/RequestForm.tsx
    ./src/app/request/page.tsx


./src/components/accessibility/VoiceCommandButton.tsx:13:1
Export trackVoiceCommandUsage doesn't exist in target module
  [90m11 |[0m [36mimport[0m { appRoutes } [36mfrom[0m [32m"@/lib/constants/navigation"[0m;
  [90m12 |[0m [36mimport[0m { useI18n } [36mfrom[0m [32m"@/lib/i18n"[0m;
[31m[1m>[0m [90m13 |[0m [36mimport[0m { trackVoiceCommandUsage } [36mfrom[0m [32m"@/services/analytics"[0m;
  [90m   |[0m [31m[1m^^^^^^^^^^^^^^^^^^^^^^^^^^^^^^^^^^^^^^^^^^^^^^^^^^^^^^^^^^^^^^[0m
  [90m14 |[0m [36mimport[0m [36mtype[0m { [33mProvider[0m } [36mfrom[0m [32m"@/types/provider"[0m;
  [90m15 |[0m
  [90m16 |[0m [36mexport[0m [36mtype[0m [33mVoiceCommandButtonProps[0m = {

The export trackVoiceCommandUsage was not found in module [project]/src/services/analytics.ts [app-client] 
(ecmascript).
Did you mean to import analyticsService?
All exports of the module are statically known (It doesn't have dynamic exports). So it's known statically that the 
requested export doesn't exist.

Import trace:
  Client Component Browser:
    ./src/components/accessibility/VoiceCommandButton.tsx [Client Component Browser]
    ./src/components/accessibility/LazyVoiceCommandButton.tsx [Client Component Browser]
    ./src/components/accessibility/LazyVoiceCommandButton.tsx [Server Component]
    ./src/app/providers/page.tsx [Server Component]


./src/components/providers/ProviderAnalytics.tsx:9:1
Export trackWhatsappClick doesn't exist in target module
  [90m 7 |[0m   getProviderWhatsAppHref,
  [90m 8 |[0m } [36mfrom[0m [32m"@/lib/constants/providers"[0m;
[31m[1m>[0m [90m 9 |[0m [36mimport[0m {
  [90m   |[0m [31m[1m^^^^^^^[0m
[31m[1m>[0m [90m10 |[0m   trackPhoneClick,
  [90m   |[0m [31m[1m^^^^^^^^^^^^^^^^^^[0m
[31m[1m>[0m [90m11 |[0m   trackProviderDetailOpen,
  [90m   |[0m [31m[1m^^^^^^^^^^^^^^^^^^^^^^^^^^[0m
[31m[1m>[0m [90m12 |[0m   trackWhatsappClick,
  [90m   |[0m [31m[1m^^^^^^^^^^^^^^^^^^^^^[0m
[31m[1m>[0m [90m13 |[0m } [36mfrom[0m [32m"@/services/analytics"[0m;
  [90m   |[0m [31m[1m^^^^^^^^^^^^^^^^^^^^^^^^^^^^^^[0m
  [90m14 |[0m [36mimport[0m [36mtype[0m { [33mProvider[0m } [36mfrom[0m [32m"@/types/provider"[0m;
  [90m15 |[0m
  [90m16 |[0m [36mfunction[0m getProviderAnalyticsPayload(provider: [33mProvider[0m) {

The export trackWhatsappClick was not found in module [project]/src/services/analytics.ts [app-client] (ecmascript).
Did you mean to import analyticsService?
All exports of the module are statically known (It doesn't have dynamic exports). So it's known statically that the 
requested export doesn't exist.

Import trace:
  Server Component:
    ./src/components/providers/ProviderAnalytics.tsx
    ./src/app/providers/[id]/page.tsx


./src/components/providers/ProviderAnalytics.tsx:9:1
Export trackWhatsappClick doesn't exist in target module
  [90m 7 |[0m   getProviderWhatsAppHref,
  [90m 8 |[0m } [36mfrom[0m [32m"@/lib/constants/providers"[0m;
[31m[1m>[0m [90m 9 |[0m [36mimport[0m {
  [90m   |[0m [31m[1m^^^^^^^[0m
[31m[1m>[0m [90m10 |[0m   trackPhoneClick,
  [90m   |[0m [31m[1m^^^^^^^^^^^^^^^^^^[0m
[31m[1m>[0m [90m11 |[0m   trackProviderDetailOpen,
  [90m   |[0m [31m[1m^^^^^^^^^^^^^^^^^^^^^^^^^^[0m
[31m[1m>[0m [90m12 |[0m   trackWhatsappClick,
  [90m   |[0m [31m[1m^^^^^^^^^^^^^^^^^^^^^[0m
[31m[1m>[0m [90m13 |[0m } [36mfrom[0m [32m"@/services/analytics"[0m;
  [90m   |[0m [31m[1m^^^^^^^^^^^^^^^^^^^^^^^^^^^^^^[0m
  [90m14 |[0m [36mimport[0m [36mtype[0m { [33mProvider[0m } [36mfrom[0m [32m"@/types/provider"[0m;
  [90m15 |[0m
  [90m16 |[0m [36mfunction[0m getProviderAnalyticsPayload(provider: [33mProvider[0m) {

The export trackWhatsappClick was not found in module [project]/src/services/analytics.ts [app-ssr] (ecmascript).
Did you mean to import analyticsService?
All exports of the module are statically known (It doesn't have dynamic exports). So it's known statically that the 
requested export doesn't exist.

Import trace:
  Server Component:
    ./src/components/providers/ProviderAnalytics.tsx
    ./src/app/providers/[id]/page.tsx


./src/components/providers/ProviderCard.tsx:25:1
Export trackWhatsappClick doesn't exist in target module
  [90m23 |[0m [36mimport[0m { useI18n } [36mfrom[0m [32m"@/lib/i18n"[0m;
  [90m24 |[0m [36mimport[0m { cn } [36mfrom[0m [32m"@/lib/utils"[0m;
[31m[1m>[0m [90m25 |[0m [36mimport[0m {
  [90m   |[0m [31m[1m^^^^^^^[0m
[31m[1m>[0m [90m26 |[0m   trackPhoneClick,
  [90m   |[0m [31m[1m^^^^^^^^^^^^^^^^^^[0m
[31m[1m>[0m [90m27 |[0m   trackWhatsappClick,
  [90m   |[0m [31m[1m^^^^^^^^^^^^^^^^^^^^^[0m
[31m[1m>[0m [90m28 |[0m } [36mfrom[0m [32m"@/services/analytics"[0m;
  [90m   |[0m [31m[1m^^^^^^^^^^^^^^^^^^^^^^^^^^^^^^[0m
  [90m29 |[0m [36mimport[0m [36mtype[0m { [33mProvider[0m } [36mfrom[0m [32m"@/types/provider"[0m;
  [90m30 |[0m
  [90m31 |[0m [36mtype[0m [33mProviderCardProps[0m = {

The export trackWhatsappClick was not found in module [project]/src/services/analytics.ts [app-client] (ecmascript).
Did you mean to import analyticsService?
All exports of the module are statically known (It doesn't have dynamic exports). So it's known statically that the 
requested export doesn't exist.

Import trace:
  Server Component:
    ./src/components/providers/ProviderCard.tsx
    ./src/app/providers/[id]/page.tsx


./src/components/providers/ProviderCard.tsx:25:1
Export trackWhatsappClick doesn't exist in target module
  [90m23 |[0m [36mimport[0m { useI18n } [36mfrom[0m [32m"@/lib/i18n"[0m;
  [90m24 |[0m [36mimport[0m { cn } [36mfrom[0m [32m"@/lib/utils"[0m;
[31m[1m>[0m [90m25 |[0m [36mimport[0m {
  [90m   |[0m [31m[1m^^^^^^^[0m
[31m[1m>[0m [90m26 |[0m   trackPhoneClick,
  [90m   |[0m [31m[1m^^^^^^^^^^^^^^^^^^[0m
[31m[1m>[0m [90m27 |[0m   trackWhatsappClick,
  [90m   |[0m [31m[1m^^^^^^^^^^^^^^^^^^^^^[0m
[31m[1m>[0m [90m28 |[0m } [36mfrom[0m [32m"@/services/analytics"[0m;
  [90m   |[0m [31m[1m^^^^^^^^^^^^^^^^^^^^^^^^^^^^^^[0m
  [90m29 |[0m [36mimport[0m [36mtype[0m { [33mProvider[0m } [36mfrom[0m [32m"@/types/provider"[0m;
  [90m30 |[0m
  [90m31 |[0m [36mtype[0m [33mProviderCardProps[0m = {

The export trackWhatsappClick was not found in module [project]/src/services/analytics.ts [app-ssr] (ecmascript).
Did you mean to import analyticsService?
All exports of the module are statically known (It doesn't have dynamic exports). So it's known statically that the 
requested export doesn't exist.

Import trace:
  Server Component:
    ./src/components/providers/ProviderCard.tsx
    ./src/app/providers/[id]/page.tsx


./src/app/admin/providers/page.tsx:20:1
Export updateAdminProviderStatus doesn't exist in target module
  [90m18 |[0m   getProviderAvailabilityTone,
  [90m19 |[0m } [36mfrom[0m [32m"@/lib/constants/providers"[0m;
[31m[1m>[0m [90m20 |[0m [36mimport[0m {
  [90m   |[0m [31m[1m^^^^^^^[0m
[31m[1m>[0m [90m21 |[0m   getAdminAccess,
  [90m   |[0m [31m[1m^^^^^^^^^^^^^^^^^[0m
[31m[1m>[0m [90m22 |[0m   getAdminProviders,
  [90m   |[0m [31m[1m^^^^^^^^^^^^^^^^^^^^[0m
[31m[1m>[0m [90m23 |[0m   updateAdminProviderStatus,
  [90m   |[0m [31m[1m^^^^^^^^^^^^^^^^^^^^^^^^^^^^[0m
[31m[1m>[0m [90m24 |[0m   [36mtype[0m [33mAdminProvider[0m,
  [90m   |[0m [31m[1m^^^^^^^^^^^^^^^^^^^^^[0m
[31m[1m>[0m [90m25 |[0m   [36mtype[0m [33mAdminProviderStatusAction[0m,
  [90m   |[0m [31m[1m^^^^^^^^^^^^^^^^^^^^^^^^^^^^^^^^^[0m
[31m[1m>[0m [90m26 |[0m } [36mfrom[0m [32m"@/services/admin"[0m;
  [90m   |[0m [31m[1m^^^^^^^^^^^^^^^^^^^^^^^^^^[0m
  [90m27 |[0m
  [90m28 |[0m [36mexport[0m [36mconst[0m dynamic = [32m"force-dynamic"[0m;
  [90m29 |[0m

The export updateAdminProviderStatus was not found in module [project]/src/services/admin.ts [app-rsc] (ecmascript).
Did you mean to import adminService?
All exports of the module are statically known (It doesn't have dynamic exports). So it's known statically that the 
requested export doesn't exist.


./src/app/admin/service-requests/page.tsx:16:1
Export updateAdminServiceRequestStatus doesn't exist in target module
  [90m14 |[0m } [36mfrom[0m [32m"@/components/admin/AdminUI"[0m;
  [90m15 |[0m [36mimport[0m { [33mAdminAccessGate[0m } [36mfrom[0m 
[32m"@/components/admin/AdminAccessGate"[0m;
[31m[1m>[0m [90m16 |[0m [36mimport[0m {
  [90m   |[0m [31m[1m^^^^^^^[0m
[31m[1m>[0m [90m17 |[0m   getAdminAccess,
  [90m   |[0m [31m[1m^^^^^^^^^^^^^^^^^[0m
[31m[1m>[0m [90m18 |[0m   getAdminServiceRequests,
  [90m   |[0m [31m[1m^^^^^^^^^^^^^^^^^^^^^^^^^^[0m
[31m[1m>[0m [90m19 |[0m   updateAdminServiceRequestStatus,
  [90m   |[0m [31m[1m^^^^^^^^^^^^^^^^^^^^^^^^^^^^^^^^^^[0m
[31m[1m>[0m [90m20 |[0m   [36mtype[0m [33mAdminServiceRequest[0m,
  [90m   |[0m [31m[1m^^^^^^^^^^^^^^^^^^^^^^^^^^^[0m
[31m[1m>[0m [90m21 |[0m   [36mtype[0m [33mAdminServiceRequestStatus[0m,
  [90m   |[0m [31m[1m^^^^^^^^^^^^^^^^^^^^^^^^^^^^^^^^^[0m
[31m[1m>[0m [90m22 |[0m } [36mfrom[0m [32m"@/services/admin"[0m;
  [90m   |[0m [31m[1m^^^^^^^^^^^^^^^^^^^^^^^^^^[0m
  [90m23 |[0m [36mimport[0m {
  [90m24 |[0m   [33mSERVICE_REQUEST_STATUS_DESCRIPTIONS[0m,
  [90m25 |[0m   [33mSERVICE_REQUEST_STATUS_LABELS[0m,

The export updateAdminServiceRequestStatus was not found in module [project]/src/services/admin.ts [app-rsc] 
(ecmascript).
Did you mean to import adminService?
All exports of the module are statically known (It doesn't have dynamic exports). So it's known statically that the 
requested export doesn't exist.


    at <unknown> (./src/app/admin/provider-applications/page.tsx:16:1)
    at <unknown> (./src/app/admin/page.tsx:17:1)
    at <unknown> (./src/app/admin/provider-applications/page.tsx:16:1)
    at <unknown> (./src/app/admin/providers/page.tsx:20:1)
    at <unknown> (./src/app/admin/service-requests/page.tsx:16:1)
    ... collapsed 4 duplicate lines matching above lines ...
    at <unknown> (./src/app/providers/[id]/page.tsx:23:1)
    at <unknown> (./src/app/providers/page.tsx:17:1)
    at <unknown> (./src/app/sitemap.ts:5:1)
    at <unknown> (./src/components/home/MarketplaceHome.tsx:27:1)
    at <unknown> (./src/app/providers/[id]/page.tsx:23:1)
    at <unknown> (./src/components/providers/ProviderReviews.tsx:6:1)
    at <unknown> (./src/components/providers/ProviderReviews.tsx:6:1)
    at <unknown> (./src/services/providers/applications.ts:14:1)
    at <unknown> (./src/services/providers/applications.ts:14:1)
    at <unknown> (./src/app/admin/provider-applications/page.tsx:16:1)
    at <unknown> (./src/components/request/RequestForm.tsx:13:1)
    at <unknown> (./src/components/request/RequestForm.tsx:13:1)
    at <unknown> (./src/components/auth/LoginOptions.tsx:12:1)
    ... collapsed 3 duplicate lines matching above 1 lines 3 times...
    at <unknown> (./src/components/request/RequestForm.tsx:13:1)
    at <unknown> (./src/components/request/RequestForm.tsx:13:1)
    at <unknown> (./src/services/admin.ts:1:1)
    at <unknown> (./src/services/auth.ts:1:1)
    at <unknown> (./src/services/auth.ts:1:1)
    at <unknown> (./src/services/providers.ts:1:1)
    at <unknown> (./src/services/providers.ts:1:1)
    at <unknown> (./src/services/requests.ts:1:1)
    at <unknown> (./src/services/requests.ts:1:1)
    at <unknown> (./src/components/providers/ProviderFilters.tsx:19:1)
    at <unknown> (./src/components/providers/ProviderFilters.tsx:19:1)
    at <unknown> (./src/components/analytics/PageViewTracker.tsx:5:1)
    at <unknown> (./src/components/analytics/PageViewTracker.tsx:5:1)
    at <unknown> (./src/components/providers/ProviderAnalytics.tsx:9:1)
    at <unknown> (./src/components/providers/ProviderAnalytics.tsx:9:1)
    at <unknown> (./src/components/providers/ProviderCard.tsx:25:1)
    at <unknown> (./src/components/providers/ProviderCard.tsx:25:1)
    at <unknown> (./src/components/providers/ProviderApplicationForm.tsx:13:1)
    at <unknown> (./src/components/providers/ProviderApplicationForm.tsx:13:1)
    at <unknown> (./src/components/providers/ProviderAnalytics.tsx:9:1)
    at <unknown> (./src/components/providers/ProviderAnalytics.tsx:9:1)
    at <unknown> (./src/components/request/RequestForm.tsx:12:1)
    at <unknown> (./src/components/request/RequestForm.tsx:12:1)
    at <unknown> (./src/components/accessibility/VoiceCommandButton.tsx:13:1)
    at <unknown> (./src/components/providers/ProviderAnalytics.tsx:9:1)
    at <unknown> (./src/components/providers/ProviderAnalytics.tsx:9:1)
    at <unknown> (./src/components/providers/ProviderCard.tsx:25:1)
    at <unknown> (./src/components/providers/ProviderCard.tsx:25:1)
    at <unknown> (./src/app/admin/providers/page.tsx:20:1)
    at <unknown> (./src/app/admin/service-requests/page.tsx:16:1)
